QString::arg: 1 argument(s) missing in 无法解析%2中的符号“%2”：%3
Invalid Context= "stock" line for icon theme:  "/usr/share/icons/ubuntu-mono-dark/stock/16/"
Invalid Context= "stock" line for icon theme:  "/usr/share/icons/ubuntu-mono-dark/stock/22/"
Invalid Context= "stock" line for icon theme:  "/usr/share/icons/ubuntu-mono-dark/stock/24/"
Invalid Context= "stock" line for icon theme:  "/usr/share/icons/ubuntu-mono-dark/stock/32/"
Invalid Context= "stock" line for icon theme:  "/usr/share/icons/ubuntu-mono-dark/stock/48/"
Invalid Context= "stock" line for icon theme:  "/usr/share/icons/ubuntu-mono-dark/stock/64/"
Invalid Context= "stock" line for icon theme:  "/usr/share/icons/ubuntu-mono-dark/stock/128/"
Invalid Context= "stock" line for icon theme:  "/usr/share/icons/ubuntu-mono-dark/stock/16/"
Invalid Context= "stock" line for icon theme:  "/usr/share/icons/ubuntu-mono-dark/stock/22/"
Invalid Context= "stock" line for icon theme:  "/usr/share/icons/ubuntu-mono-dark/stock/24/"
Invalid Context= "stock" line for icon theme:  "/usr/share/icons/ubuntu-mono-dark/stock/32/"
Invalid Context= "stock" line for icon theme:  "/usr/share/icons/ubuntu-mono-dark/stock/48/"
Invalid Context= "stock" line for icon theme:  "/usr/share/icons/ubuntu-mono-dark/stock/64/"
Invalid Context= "stock" line for icon theme:  "/usr/share/icons/ubuntu-mono-dark/stock/128/"
QString::arg: 1 argument(s) missing in 无法解析%2中的符号“%2”：%3
